// Jest Snapshot v1, https://goo.gl/fbAQLP

exports[`<Reviews /> renders correctly 1`] = `
<div
  className="movie-card__reviews movie-card__row"
>
  <div
    className="movie-card__reviews-col"
  >
    <div
      className="review"
    >
      <blockquote
        className="review__quote"
      >
        <p
          className="review__text"
        >
          Discerning travellers and Wes Anderson fans will luxuriate in the glorious Mittel-European kitsch of one of the director's funniest and most exquisitely designed movies in years.
        </p>
        <footer
          className="review__details"
        >
          <cite
            className="review__author"
          >
            user name
          </cite>
          <time
            className="review__date"
            dateTime="2020-03-07T12:35:45.538Z"
          >
            March 7, 2020
          </time>
        </footer>
      </blockquote>
      <div
        className="review__rating"
      >
        3.4
      </div>
    </div>
  </div>
  <div
    className="movie-card__reviews-col"
  >
    <div
      className="review"
    >
      <blockquote
        className="review__quote"
      >
        <p
          className="review__text"
        >
          Discerning travns will luxuriate in the glorious Mittel-European kitsch of one of the director's funniest and most exquisitely designed movies in years.
        </p>
        <footer
          className="review__details"
        >
          <cite
            className="review__author"
          >
            user name
          </cite>
          <time
            className="review__date"
            dateTime="2020-03-07T12:35:45.538Z"
          >
            March 7, 2020
          </time>
        </footer>
      </blockquote>
      <div
        className="review__rating"
      >
        3.4
      </div>
    </div>
  </div>
</div>
`;
