// Jest Snapshot v1, https://goo.gl/fbAQLP

exports[`<Preloader /> renders correctly 1`] = `
<p
  style={
    Object {
      "fontSize": "40px",
    }
  }
>
  Loading...
</p>
`;
