// Jest Snapshot v1, https://goo.gl/fbAQLP

exports[`<SmallMovieCard /> рендер с img 1`] = `
<article
  className="small-movie-card catalog__movies-card"
  onClick={[Function]}
  onMouseEnter={[Function]}
  onMouseLeave={[Function]}
>
  <div
    className="small-movie-card__image"
  >
    <img
      alt="{title}"
      height="175"
      src="img/bg-the-grand-budapest-hotel.jpg"
      width="280"
    />
  </div>
  <h3
    className="small-movie-card__title"
  >
    <a
      className="small-movie-card__link"
      href="movie-page.html"
    >
      The Grand Budapest Hotel
    </a>
  </h3>
</article>
`;

exports[`<SmallMovieCard /> рендер с video 1`] = `
<article
  className="small-movie-card catalog__movies-card"
  onClick={[Function]}
  onMouseEnter={[Function]}
  onMouseLeave={[Function]}
>
  <div
    className="small-movie-card__image"
  >
    <video
      autoPlay={true}
      height="175"
      muted={true}
      poster="bg-the-grand-budapest-hotel.jpg"
      src="https://upload.wikimedia.org/wikipedia/commons/transcoded/b/b3/Big_Buck_Bunny_Trailer_400p.ogv/Big_Buck_Bunny_Trailer_400p.ogv.360p.webm"
      width="280"
    />
  </div>
  <h3
    className="small-movie-card__title"
  >
    <a
      className="small-movie-card__link"
      href="movie-page.html"
    >
      The Grand Budapest Hotel
    </a>
  </h3>
</article>
`;
